client/src/components/LoanSimulator.tsx(34,7): error TS2322: Type 'string' is not assignable to type 'number'.
client/src/components/LoanSimulator.tsx(36,7): error TS2322: Type 'string' is not assignable to type 'number'.
client/src/lib/queryClient.ts(1,44): error TS2307: Cannot find module '@tanstack/react-query' or its corresponding type declarations.
client/src/lib/queryClient.ts(31,12): error TS7031: Binding element 'queryKey' implicitly has an 'any' type.
client/src/pages/Blog.tsx(54,27): error TS2322: Type '"link"' is not assignable to type '"default" | "destructive" | "outline" | "secondary" | "ghost" | null | undefined'.
